// Jest Snapshot v1, https://goo.gl/fbAQLP

exports[`Test AsyncReactor AsyncReactor should handle error 1`] = `"<div>Loading</div>"`;

exports[`Test AsyncReactor AsyncReactor should handle error 2`] = `"<div>Error</div>"`;

exports[`Test AsyncReactor AsyncReactor should render loading and component 1`] = `"<div>Loading</div>"`;

exports[`Test AsyncReactor AsyncReactor should render loading and component 2`] = `"<div>Home Screen some result</div>"`;
